INFO:     Started server process [21135]
INFO:     Waiting for application startup.
INFO:     Application startup complete.
INFO:     Uvicorn running on http://0.0.0.0:60410 (Press CTRL+C to quit)
No embedding_function provided, using default embedding function: DefaultEmbeddingFunction https://huggingface.co/sentence-transformers/all-MiniLM-L6-v2
No embedding_function provided, using default embedding function: DefaultEmbeddingFunction https://huggingface.co/sentence-transformers/all-MiniLM-L6-v2
Collection with name testspace already exists
Traceback (most recent call last):
  File "/Users/hammad/Documents/chroma/chroma_env/lib/python3.10/site-packages/anyio/streams/memory.py", line 98, in receive
    return self.receive_nowait()
  File "/Users/hammad/Documents/chroma/chroma_env/lib/python3.10/site-packages/anyio/streams/memory.py", line 93, in receive_nowait
    raise WouldBlock
anyio.WouldBlock

During handling of the above exception, another exception occurred:

Traceback (most recent call last):
  File "/Users/hammad/Documents/chroma/chroma_env/lib/python3.10/site-packages/starlette/middleware/base.py", line 43, in call_next
    message = await recv_stream.receive()
  File "/Users/hammad/Documents/chroma/chroma_env/lib/python3.10/site-packages/anyio/streams/memory.py", line 118, in receive
    raise EndOfStream
anyio.EndOfStream

During handling of the above exception, another exception occurred:

Traceback (most recent call last):
  File "/Users/hammad/Documents/chroma/chromadb/server/fastapi/__init__.py", line 57, in catch_exceptions_middleware
    return await call_next(request)
  File "/Users/hammad/Documents/chroma/chroma_env/lib/python3.10/site-packages/starlette/middleware/base.py", line 46, in call_next
    raise app_exc
  File "/Users/hammad/Documents/chroma/chroma_env/lib/python3.10/site-packages/starlette/middleware/base.py", line 36, in coro
    await self.app(scope, request.receive, send_stream.send)
  File "/Users/hammad/Documents/chroma/chroma_env/lib/python3.10/site-packages/starlette/middleware/exceptions.py", line 75, in __call__
    raise exc
  File "/Users/hammad/Documents/chroma/chroma_env/lib/python3.10/site-packages/starlette/middleware/exceptions.py", line 64, in __call__
    await self.app(scope, receive, sender)
  File "/Users/hammad/Documents/chroma/chroma_env/lib/python3.10/site-packages/fastapi/middleware/asyncexitstack.py", line 21, in __call__
    raise e
  File "/Users/hammad/Documents/chroma/chroma_env/lib/python3.10/site-packages/fastapi/middleware/asyncexitstack.py", line 18, in __call__
    await self.app(scope, receive, send)
  File "/Users/hammad/Documents/chroma/chroma_env/lib/python3.10/site-packages/starlette/routing.py", line 680, in __call__
    await route.handle(scope, receive, send)
  File "/Users/hammad/Documents/chroma/chroma_env/lib/python3.10/site-packages/starlette/routing.py", line 275, in handle
    await self.app(scope, receive, send)
  File "/Users/hammad/Documents/chroma/chroma_env/lib/python3.10/site-packages/starlette/routing.py", line 65, in app
    response = await func(request)
  File "/Users/hammad/Documents/chroma/chroma_env/lib/python3.10/site-packages/fastapi/routing.py", line 231, in app
    raw_response = await run_endpoint_function(
  File "/Users/hammad/Documents/chroma/chroma_env/lib/python3.10/site-packages/fastapi/routing.py", line 162, in run_endpoint_function
    return await run_in_threadpool(dependant.call, **values)
  File "/Users/hammad/Documents/chroma/chroma_env/lib/python3.10/site-packages/starlette/concurrency.py", line 41, in run_in_threadpool
    return await anyio.to_thread.run_sync(func, *args)
  File "/Users/hammad/Documents/chroma/chroma_env/lib/python3.10/site-packages/anyio/to_thread.py", line 33, in run_sync
    return await get_asynclib().run_sync_in_worker_thread(
  File "/Users/hammad/Documents/chroma/chroma_env/lib/python3.10/site-packages/anyio/_backends/_asyncio.py", line 877, in run_sync_in_worker_thread
    return await future
  File "/Users/hammad/Documents/chroma/chroma_env/lib/python3.10/site-packages/anyio/_backends/_asyncio.py", line 807, in run
    result = context.run(func, *args)
  File "/Users/hammad/Documents/chroma/chromadb/server/fastapi/__init__.py", line 179, in create_collection
    return self._api.create_collection(
  File "/Users/hammad/Documents/chroma/chromadb/api/local.py", line 110, in create_collection
    res = self._db.create_collection(name, metadata, get_or_create)
  File "/Users/hammad/Documents/chroma/chromadb/db/duckdb.py", line 108, in create_collection
    raise ValueError(f"Collection with name {name} already exists")
ValueError: Collection with name testspace already exists
No embedding_function provided, using default embedding function: DefaultEmbeddingFunction https://huggingface.co/sentence-transformers/all-MiniLM-L6-v2
No embedding_function provided, using default embedding function: DefaultEmbeddingFunction https://huggingface.co/sentence-transformers/all-MiniLM-L6-v2
No embedding_function provided, using default embedding function: DefaultEmbeddingFunction https://huggingface.co/sentence-transformers/all-MiniLM-L6-v2
No embedding_function provided, using default embedding function: DefaultEmbeddingFunction https://huggingface.co/sentence-transformers/all-MiniLM-L6-v2
No embedding_function provided, using default embedding function: DefaultEmbeddingFunction https://huggingface.co/sentence-transformers/all-MiniLM-L6-v2
No embedding_function provided, using default embedding function: DefaultEmbeddingFunction https://huggingface.co/sentence-transformers/all-MiniLM-L6-v2
No embedding_function provided, using default embedding function: DefaultEmbeddingFunction https://huggingface.co/sentence-transformers/all-MiniLM-L6-v2
No embedding_function provided, using default embedding function: DefaultEmbeddingFunction https://huggingface.co/sentence-transformers/all-MiniLM-L6-v2
No embedding_function provided, using default embedding function: DefaultEmbeddingFunction https://huggingface.co/sentence-transformers/all-MiniLM-L6-v2
No embedding_function provided, using default embedding function: DefaultEmbeddingFunction https://huggingface.co/sentence-transformers/all-MiniLM-L6-v2
No embedding_function provided, using default embedding function: DefaultEmbeddingFunction https://huggingface.co/sentence-transformers/all-MiniLM-L6-v2
Collection with name testspace already exists
Traceback (most recent call last):
  File "/Users/hammad/Documents/chroma/chroma_env/lib/python3.10/site-packages/anyio/streams/memory.py", line 98, in receive
    return self.receive_nowait()
  File "/Users/hammad/Documents/chroma/chroma_env/lib/python3.10/site-packages/anyio/streams/memory.py", line 93, in receive_nowait
    raise WouldBlock
anyio.WouldBlock

During handling of the above exception, another exception occurred:

Traceback (most recent call last):
  File "/Users/hammad/Documents/chroma/chroma_env/lib/python3.10/site-packages/starlette/middleware/base.py", line 43, in call_next
    message = await recv_stream.receive()
  File "/Users/hammad/Documents/chroma/chroma_env/lib/python3.10/site-packages/anyio/streams/memory.py", line 118, in receive
    raise EndOfStream
anyio.EndOfStream

During handling of the above exception, another exception occurred:

Traceback (most recent call last):
  File "/Users/hammad/Documents/chroma/chromadb/server/fastapi/__init__.py", line 57, in catch_exceptions_middleware
    return await call_next(request)
  File "/Users/hammad/Documents/chroma/chroma_env/lib/python3.10/site-packages/starlette/middleware/base.py", line 46, in call_next
    raise app_exc
  File "/Users/hammad/Documents/chroma/chroma_env/lib/python3.10/site-packages/starlette/middleware/base.py", line 36, in coro
    await self.app(scope, request.receive, send_stream.send)
  File "/Users/hammad/Documents/chroma/chroma_env/lib/python3.10/site-packages/starlette/middleware/exceptions.py", line 75, in __call__
    raise exc
  File "/Users/hammad/Documents/chroma/chroma_env/lib/python3.10/site-packages/starlette/middleware/exceptions.py", line 64, in __call__
    await self.app(scope, receive, sender)
  File "/Users/hammad/Documents/chroma/chroma_env/lib/python3.10/site-packages/fastapi/middleware/asyncexitstack.py", line 21, in __call__
    raise e
  File "/Users/hammad/Documents/chroma/chroma_env/lib/python3.10/site-packages/fastapi/middleware/asyncexitstack.py", line 18, in __call__
    await self.app(scope, receive, send)
  File "/Users/hammad/Documents/chroma/chroma_env/lib/python3.10/site-packages/starlette/routing.py", line 680, in __call__
    await route.handle(scope, receive, send)
  File "/Users/hammad/Documents/chroma/chroma_env/lib/python3.10/site-packages/starlette/routing.py", line 275, in handle
    await self.app(scope, receive, send)
  File "/Users/hammad/Documents/chroma/chroma_env/lib/python3.10/site-packages/starlette/routing.py", line 65, in app
    response = await func(request)
  File "/Users/hammad/Documents/chroma/chroma_env/lib/python3.10/site-packages/fastapi/routing.py", line 231, in app
    raw_response = await run_endpoint_function(
  File "/Users/hammad/Documents/chroma/chroma_env/lib/python3.10/site-packages/fastapi/routing.py", line 162, in run_endpoint_function
    return await run_in_threadpool(dependant.call, **values)
  File "/Users/hammad/Documents/chroma/chroma_env/lib/python3.10/site-packages/starlette/concurrency.py", line 41, in run_in_threadpool
    return await anyio.to_thread.run_sync(func, *args)
  File "/Users/hammad/Documents/chroma/chroma_env/lib/python3.10/site-packages/anyio/to_thread.py", line 33, in run_sync
    return await get_asynclib().run_sync_in_worker_thread(
  File "/Users/hammad/Documents/chroma/chroma_env/lib/python3.10/site-packages/anyio/_backends/_asyncio.py", line 877, in run_sync_in_worker_thread
    return await future
  File "/Users/hammad/Documents/chroma/chroma_env/lib/python3.10/site-packages/anyio/_backends/_asyncio.py", line 807, in run
    result = context.run(func, *args)
  File "/Users/hammad/Documents/chroma/chromadb/server/fastapi/__init__.py", line 191, in update_collection
    return self._api._modify(
  File "/Users/hammad/Documents/chroma/chromadb/api/local.py", line 214, in _modify
    self._db.update_collection(id, new_name, new_metadata)
  File "/Users/hammad/Documents/chroma/chromadb/db/duckdb.py", line 157, in update_collection
    raise ValueError(f"Collection with name {new_name} already exists")
ValueError: Collection with name testspace already exists
No embedding_function provided, using default embedding function: DefaultEmbeddingFunction https://huggingface.co/sentence-transformers/all-MiniLM-L6-v2
No embedding_function provided, using default embedding function: DefaultEmbeddingFunction https://huggingface.co/sentence-transformers/all-MiniLM-L6-v2
No embedding_function provided, using default embedding function: DefaultEmbeddingFunction https://huggingface.co/sentence-transformers/all-MiniLM-L6-v2
No embedding_function provided, using default embedding function: DefaultEmbeddingFunction https://huggingface.co/sentence-transformers/all-MiniLM-L6-v2
No embedding_function provided, using default embedding function: DefaultEmbeddingFunction https://huggingface.co/sentence-transformers/all-MiniLM-L6-v2
No embedding_function provided, using default embedding function: DefaultEmbeddingFunction https://huggingface.co/sentence-transformers/all-MiniLM-L6-v2
No embedding_function provided, using default embedding function: DefaultEmbeddingFunction https://huggingface.co/sentence-transformers/all-MiniLM-L6-v2
No embedding_function provided, using default embedding function: DefaultEmbeddingFunction https://huggingface.co/sentence-transformers/all-MiniLM-L6-v2
No embedding_function provided, using default embedding function: DefaultEmbeddingFunction https://huggingface.co/sentence-transformers/all-MiniLM-L6-v2
No embedding_function provided, using default embedding function: DefaultEmbeddingFunction https://huggingface.co/sentence-transformers/all-MiniLM-L6-v2
No embedding_function provided, using default embedding function: DefaultEmbeddingFunction https://huggingface.co/sentence-transformers/all-MiniLM-L6-v2
Collection testspace2 does not exist
Traceback (most recent call last):
  File "/Users/hammad/Documents/chroma/chroma_env/lib/python3.10/site-packages/anyio/streams/memory.py", line 98, in receive
    return self.receive_nowait()
  File "/Users/hammad/Documents/chroma/chroma_env/lib/python3.10/site-packages/anyio/streams/memory.py", line 93, in receive_nowait
    raise WouldBlock
anyio.WouldBlock

During handling of the above exception, another exception occurred:

Traceback (most recent call last):
  File "/Users/hammad/Documents/chroma/chroma_env/lib/python3.10/site-packages/starlette/middleware/base.py", line 43, in call_next
    message = await recv_stream.receive()
  File "/Users/hammad/Documents/chroma/chroma_env/lib/python3.10/site-packages/anyio/streams/memory.py", line 118, in receive
    raise EndOfStream
anyio.EndOfStream

During handling of the above exception, another exception occurred:

Traceback (most recent call last):
  File "/Users/hammad/Documents/chroma/chromadb/server/fastapi/__init__.py", line 57, in catch_exceptions_middleware
    return await call_next(request)
  File "/Users/hammad/Documents/chroma/chroma_env/lib/python3.10/site-packages/starlette/middleware/base.py", line 46, in call_next
    raise app_exc
  File "/Users/hammad/Documents/chroma/chroma_env/lib/python3.10/site-packages/starlette/middleware/base.py", line 36, in coro
    await self.app(scope, request.receive, send_stream.send)
  File "/Users/hammad/Documents/chroma/chroma_env/lib/python3.10/site-packages/starlette/middleware/exceptions.py", line 75, in __call__
    raise exc
  File "/Users/hammad/Documents/chroma/chroma_env/lib/python3.10/site-packages/starlette/middleware/exceptions.py", line 64, in __call__
    await self.app(scope, receive, sender)
  File "/Users/hammad/Documents/chroma/chroma_env/lib/python3.10/site-packages/fastapi/middleware/asyncexitstack.py", line 21, in __call__
    raise e
  File "/Users/hammad/Documents/chroma/chroma_env/lib/python3.10/site-packages/fastapi/middleware/asyncexitstack.py", line 18, in __call__
    await self.app(scope, receive, send)
  File "/Users/hammad/Documents/chroma/chroma_env/lib/python3.10/site-packages/starlette/routing.py", line 680, in __call__
    await route.handle(scope, receive, send)
  File "/Users/hammad/Documents/chroma/chroma_env/lib/python3.10/site-packages/starlette/routing.py", line 275, in handle
    await self.app(scope, receive, send)
  File "/Users/hammad/Documents/chroma/chroma_env/lib/python3.10/site-packages/starlette/routing.py", line 65, in app
    response = await func(request)
  File "/Users/hammad/Documents/chroma/chroma_env/lib/python3.10/site-packages/fastapi/routing.py", line 231, in app
    raw_response = await run_endpoint_function(
  File "/Users/hammad/Documents/chroma/chroma_env/lib/python3.10/site-packages/fastapi/routing.py", line 162, in run_endpoint_function
    return await run_in_threadpool(dependant.call, **values)
  File "/Users/hammad/Documents/chroma/chroma_env/lib/python3.10/site-packages/starlette/concurrency.py", line 41, in run_in_threadpool
    return await anyio.to_thread.run_sync(func, *args)
  File "/Users/hammad/Documents/chroma/chroma_env/lib/python3.10/site-packages/anyio/to_thread.py", line 33, in run_sync
    return await get_asynclib().run_sync_in_worker_thread(
  File "/Users/hammad/Documents/chroma/chroma_env/lib/python3.10/site-packages/anyio/_backends/_asyncio.py", line 877, in run_sync_in_worker_thread
    return await future
  File "/Users/hammad/Documents/chroma/chroma_env/lib/python3.10/site-packages/anyio/_backends/_asyncio.py", line 807, in run
    result = context.run(func, *args)
  File "/Users/hammad/Documents/chroma/chromadb/server/fastapi/__init__.py", line 186, in get_collection
    return self._api.get_collection(collection_name)
  File "/Users/hammad/Documents/chroma/chromadb/api/local.py", line 170, in get_collection
    raise ValueError(f"Collection {name} does not exist")
ValueError: Collection testspace2 does not exist
No embedding_function provided, using default embedding function: DefaultEmbeddingFunction https://huggingface.co/sentence-transformers/all-MiniLM-L6-v2
No embedding_function provided, using default embedding function: DefaultEmbeddingFunction https://huggingface.co/sentence-transformers/all-MiniLM-L6-v2
No embedding_function provided, using default embedding function: DefaultEmbeddingFunction https://huggingface.co/sentence-transformers/all-MiniLM-L6-v2
No embedding_function provided, using default embedding function: DefaultEmbeddingFunction https://huggingface.co/sentence-transformers/all-MiniLM-L6-v2
No embedding_function provided, using default embedding function: DefaultEmbeddingFunction https://huggingface.co/sentence-transformers/all-MiniLM-L6-v2
No embedding_function provided, using default embedding function: DefaultEmbeddingFunction https://huggingface.co/sentence-transformers/all-MiniLM-L6-v2
No embedding_function provided, using default embedding function: DefaultEmbeddingFunction https://huggingface.co/sentence-transformers/all-MiniLM-L6-v2
No embedding_function provided, using default embedding function: DefaultEmbeddingFunction https://huggingface.co/sentence-transformers/all-MiniLM-L6-v2
No embedding_function provided, using default embedding function: DefaultEmbeddingFunction https://huggingface.co/sentence-transformers/all-MiniLM-L6-v2
No embedding_function provided, using default embedding function: DefaultEmbeddingFunction https://huggingface.co/sentence-transformers/all-MiniLM-L6-v2
No embedding_function provided, using default embedding function: DefaultEmbeddingFunction https://huggingface.co/sentence-transformers/all-MiniLM-L6-v2
No embedding_function provided, using default embedding function: DefaultEmbeddingFunction https://huggingface.co/sentence-transformers/all-MiniLM-L6-v2
No embedding_function provided, using default embedding function: DefaultEmbeddingFunction https://huggingface.co/sentence-transformers/all-MiniLM-L6-v2
No embedding_function provided, using default embedding function: DefaultEmbeddingFunction https://huggingface.co/sentence-transformers/all-MiniLM-L6-v2
No embedding_function provided, using default embedding function: DefaultEmbeddingFunction https://huggingface.co/sentence-transformers/all-MiniLM-L6-v2
No embedding_function provided, using default embedding function: DefaultEmbeddingFunction https://huggingface.co/sentence-transformers/all-MiniLM-L6-v2
No embedding_function provided, using default embedding function: DefaultEmbeddingFunction https://huggingface.co/sentence-transformers/all-MiniLM-L6-v2
No embedding_function provided, using default embedding function: DefaultEmbeddingFunction https://huggingface.co/sentence-transformers/all-MiniLM-L6-v2
No embedding_function provided, using default embedding function: DefaultEmbeddingFunction https://huggingface.co/sentence-transformers/all-MiniLM-L6-v2
No embedding_function provided, using default embedding function: DefaultEmbeddingFunction https://huggingface.co/sentence-transformers/all-MiniLM-L6-v2
No embedding_function provided, using default embedding function: DefaultEmbeddingFunction https://huggingface.co/sentence-transformers/all-MiniLM-L6-v2
No embedding_function provided, using default embedding function: DefaultEmbeddingFunction https://huggingface.co/sentence-transformers/all-MiniLM-L6-v2
No embedding_function provided, using default embedding function: DefaultEmbeddingFunction https://huggingface.co/sentence-transformers/all-MiniLM-L6-v2
No embedding_function provided, using default embedding function: DefaultEmbeddingFunction https://huggingface.co/sentence-transformers/all-MiniLM-L6-v2
No embedding_function provided, using default embedding function: DefaultEmbeddingFunction https://huggingface.co/sentence-transformers/all-MiniLM-L6-v2
No embedding_function provided, using default embedding function: DefaultEmbeddingFunction https://huggingface.co/sentence-transformers/all-MiniLM-L6-v2
No embedding_function provided, using default embedding function: DefaultEmbeddingFunction https://huggingface.co/sentence-transformers/all-MiniLM-L6-v2
No embedding_function provided, using default embedding function: DefaultEmbeddingFunction https://huggingface.co/sentence-transformers/all-MiniLM-L6-v2
No embedding_function provided, using default embedding function: DefaultEmbeddingFunction https://huggingface.co/sentence-transformers/all-MiniLM-L6-v2
No embedding_function provided, using default embedding function: DefaultEmbeddingFunction https://huggingface.co/sentence-transformers/all-MiniLM-L6-v2
No embedding_function provided, using default embedding function: DefaultEmbeddingFunction https://huggingface.co/sentence-transformers/all-MiniLM-L6-v2
No embedding_function provided, using default embedding function: DefaultEmbeddingFunction https://huggingface.co/sentence-transformers/all-MiniLM-L6-v2
No embedding_function provided, using default embedding function: DefaultEmbeddingFunction https://huggingface.co/sentence-transformers/all-MiniLM-L6-v2
No embedding_function provided, using default embedding function: DefaultEmbeddingFunction https://huggingface.co/sentence-transformers/all-MiniLM-L6-v2
No embedding_function provided, using default embedding function: DefaultEmbeddingFunction https://huggingface.co/sentence-transformers/all-MiniLM-L6-v2
No embedding_function provided, using default embedding function: DefaultEmbeddingFunction https://huggingface.co/sentence-transformers/all-MiniLM-L6-v2
No embedding_function provided, using default embedding function: DefaultEmbeddingFunction https://huggingface.co/sentence-transformers/all-MiniLM-L6-v2
No embedding_function provided, using default embedding function: DefaultEmbeddingFunction https://huggingface.co/sentence-transformers/all-MiniLM-L6-v2
No embedding_function provided, using default embedding function: DefaultEmbeddingFunction https://huggingface.co/sentence-transformers/all-MiniLM-L6-v2
No embedding_function provided, using default embedding function: DefaultEmbeddingFunction https://huggingface.co/sentence-transformers/all-MiniLM-L6-v2
No embedding_function provided, using default embedding function: DefaultEmbeddingFunction https://huggingface.co/sentence-transformers/all-MiniLM-L6-v2
No embedding_function provided, using default embedding function: DefaultEmbeddingFunction https://huggingface.co/sentence-transformers/all-MiniLM-L6-v2
Unknown HNSW parameter: hnsw:foobar
Traceback (most recent call last):
  File "/Users/hammad/Documents/chroma/chroma_env/lib/python3.10/site-packages/anyio/streams/memory.py", line 98, in receive
    return self.receive_nowait()
  File "/Users/hammad/Documents/chroma/chroma_env/lib/python3.10/site-packages/anyio/streams/memory.py", line 93, in receive_nowait
    raise WouldBlock
anyio.WouldBlock

During handling of the above exception, another exception occurred:

Traceback (most recent call last):
  File "/Users/hammad/Documents/chroma/chroma_env/lib/python3.10/site-packages/starlette/middleware/base.py", line 43, in call_next
    message = await recv_stream.receive()
  File "/Users/hammad/Documents/chroma/chroma_env/lib/python3.10/site-packages/anyio/streams/memory.py", line 118, in receive
    raise EndOfStream
anyio.EndOfStream

During handling of the above exception, another exception occurred:

Traceback (most recent call last):
  File "/Users/hammad/Documents/chroma/chromadb/server/fastapi/__init__.py", line 57, in catch_exceptions_middleware
    return await call_next(request)
  File "/Users/hammad/Documents/chroma/chroma_env/lib/python3.10/site-packages/starlette/middleware/base.py", line 46, in call_next
    raise app_exc
  File "/Users/hammad/Documents/chroma/chroma_env/lib/python3.10/site-packages/starlette/middleware/base.py", line 36, in coro
    await self.app(scope, request.receive, send_stream.send)
  File "/Users/hammad/Documents/chroma/chroma_env/lib/python3.10/site-packages/starlette/middleware/exceptions.py", line 75, in __call__
    raise exc
  File "/Users/hammad/Documents/chroma/chroma_env/lib/python3.10/site-packages/starlette/middleware/exceptions.py", line 64, in __call__
    await self.app(scope, receive, sender)
  File "/Users/hammad/Documents/chroma/chroma_env/lib/python3.10/site-packages/fastapi/middleware/asyncexitstack.py", line 21, in __call__
    raise e
  File "/Users/hammad/Documents/chroma/chroma_env/lib/python3.10/site-packages/fastapi/middleware/asyncexitstack.py", line 18, in __call__
    await self.app(scope, receive, send)
  File "/Users/hammad/Documents/chroma/chroma_env/lib/python3.10/site-packages/starlette/routing.py", line 680, in __call__
    await route.handle(scope, receive, send)
  File "/Users/hammad/Documents/chroma/chroma_env/lib/python3.10/site-packages/starlette/routing.py", line 275, in handle
    await self.app(scope, receive, send)
  File "/Users/hammad/Documents/chroma/chroma_env/lib/python3.10/site-packages/starlette/routing.py", line 65, in app
    response = await func(request)
  File "/Users/hammad/Documents/chroma/chroma_env/lib/python3.10/site-packages/fastapi/routing.py", line 231, in app
    raw_response = await run_endpoint_function(
  File "/Users/hammad/Documents/chroma/chroma_env/lib/python3.10/site-packages/fastapi/routing.py", line 162, in run_endpoint_function
    return await run_in_threadpool(dependant.call, **values)
  File "/Users/hammad/Documents/chroma/chroma_env/lib/python3.10/site-packages/starlette/concurrency.py", line 41, in run_in_threadpool
    return await anyio.to_thread.run_sync(func, *args)
  File "/Users/hammad/Documents/chroma/chroma_env/lib/python3.10/site-packages/anyio/to_thread.py", line 33, in run_sync
    return await get_asynclib().run_sync_in_worker_thread(
  File "/Users/hammad/Documents/chroma/chroma_env/lib/python3.10/site-packages/anyio/_backends/_asyncio.py", line 877, in run_sync_in_worker_thread
    return await future
  File "/Users/hammad/Documents/chroma/chroma_env/lib/python3.10/site-packages/anyio/_backends/_asyncio.py", line 807, in run
    result = context.run(func, *args)
  File "/Users/hammad/Documents/chroma/chromadb/server/fastapi/__init__.py", line 202, in add
    result = self._api._add(
  File "/Users/hammad/Documents/chroma/chromadb/api/local.py", line 260, in _add
    self._db.add_incremental(collection_id, added_uuids, embeddings)
  File "/Users/hammad/Documents/chroma/chromadb/db/clickhouse.py", line 634, in add_incremental
    index = self._index(collection_uuid)
  File "/Users/hammad/Documents/chroma/chromadb/db/clickhouse.py", line 101, in _index
    index = Hnswlib(
  File "/Users/hammad/Documents/chroma/chromadb/db/index/hnswlib.py", line 93, in __init__
    self._params = HnswParams(metadata)
  File "/Users/hammad/Documents/chroma/chromadb/db/index/hnswlib.py", line 50, in __init__
    raise ValueError(f"Unknown HNSW parameter: {param}")
ValueError: Unknown HNSW parameter: hnsw:foobar
Collection with name test_index_params already exists
Traceback (most recent call last):
  File "/Users/hammad/Documents/chroma/chroma_env/lib/python3.10/site-packages/anyio/streams/memory.py", line 98, in receive
    return self.receive_nowait()
  File "/Users/hammad/Documents/chroma/chroma_env/lib/python3.10/site-packages/anyio/streams/memory.py", line 93, in receive_nowait
    raise WouldBlock
anyio.WouldBlock

During handling of the above exception, another exception occurred:

Traceback (most recent call last):
  File "/Users/hammad/Documents/chroma/chroma_env/lib/python3.10/site-packages/starlette/middleware/base.py", line 43, in call_next
    message = await recv_stream.receive()
  File "/Users/hammad/Documents/chroma/chroma_env/lib/python3.10/site-packages/anyio/streams/memory.py", line 118, in receive
    raise EndOfStream
anyio.EndOfStream

During handling of the above exception, another exception occurred:

Traceback (most recent call last):
  File "/Users/hammad/Documents/chroma/chromadb/server/fastapi/__init__.py", line 57, in catch_exceptions_middleware
    return await call_next(request)
  File "/Users/hammad/Documents/chroma/chroma_env/lib/python3.10/site-packages/starlette/middleware/base.py", line 46, in call_next
    raise app_exc
  File "/Users/hammad/Documents/chroma/chroma_env/lib/python3.10/site-packages/starlette/middleware/base.py", line 36, in coro
    await self.app(scope, request.receive, send_stream.send)
  File "/Users/hammad/Documents/chroma/chroma_env/lib/python3.10/site-packages/starlette/middleware/exceptions.py", line 75, in __call__
    raise exc
  File "/Users/hammad/Documents/chroma/chroma_env/lib/python3.10/site-packages/starlette/middleware/exceptions.py", line 64, in __call__
    await self.app(scope, receive, sender)
  File "/Users/hammad/Documents/chroma/chroma_env/lib/python3.10/site-packages/fastapi/middleware/asyncexitstack.py", line 21, in __call__
    raise e
  File "/Users/hammad/Documents/chroma/chroma_env/lib/python3.10/site-packages/fastapi/middleware/asyncexitstack.py", line 18, in __call__
    await self.app(scope, receive, send)
  File "/Users/hammad/Documents/chroma/chroma_env/lib/python3.10/site-packages/starlette/routing.py", line 680, in __call__
    await route.handle(scope, receive, send)
  File "/Users/hammad/Documents/chroma/chroma_env/lib/python3.10/site-packages/starlette/routing.py", line 275, in handle
    await self.app(scope, receive, send)
  File "/Users/hammad/Documents/chroma/chroma_env/lib/python3.10/site-packages/starlette/routing.py", line 65, in app
    response = await func(request)
  File "/Users/hammad/Documents/chroma/chroma_env/lib/python3.10/site-packages/fastapi/routing.py", line 231, in app
    raw_response = await run_endpoint_function(
  File "/Users/hammad/Documents/chroma/chroma_env/lib/python3.10/site-packages/fastapi/routing.py", line 162, in run_endpoint_function
    return await run_in_threadpool(dependant.call, **values)
  File "/Users/hammad/Documents/chroma/chroma_env/lib/python3.10/site-packages/starlette/concurrency.py", line 41, in run_in_threadpool
    return await anyio.to_thread.run_sync(func, *args)
  File "/Users/hammad/Documents/chroma/chroma_env/lib/python3.10/site-packages/anyio/to_thread.py", line 33, in run_sync
    return await get_asynclib().run_sync_in_worker_thread(
  File "/Users/hammad/Documents/chroma/chroma_env/lib/python3.10/site-packages/anyio/_backends/_asyncio.py", line 877, in run_sync_in_worker_thread
    return await future
  File "/Users/hammad/Documents/chroma/chroma_env/lib/python3.10/site-packages/anyio/_backends/_asyncio.py", line 807, in run
    result = context.run(func, *args)
  File "/Users/hammad/Documents/chroma/chromadb/server/fastapi/__init__.py", line 179, in create_collection
    return self._api.create_collection(
  File "/Users/hammad/Documents/chroma/chromadb/api/local.py", line 110, in create_collection
    res = self._db.create_collection(name, metadata, get_or_create)
  File "/Users/hammad/Documents/chroma/chromadb/db/duckdb.py", line 108, in create_collection
    raise ValueError(f"Collection with name {name} already exists")
ValueError: Collection with name test_index_params already exists
No embedding_function provided, using default embedding function: DefaultEmbeddingFunction https://huggingface.co/sentence-transformers/all-MiniLM-L6-v2
No embedding_function provided, using default embedding function: DefaultEmbeddingFunction https://huggingface.co/sentence-transformers/all-MiniLM-L6-v2
No embedding_function provided, using default embedding function: DefaultEmbeddingFunction https://huggingface.co/sentence-transformers/all-MiniLM-L6-v2
No embedding_function provided, using default embedding function: DefaultEmbeddingFunction https://huggingface.co/sentence-transformers/all-MiniLM-L6-v2
No embedding_function provided, using default embedding function: DefaultEmbeddingFunction https://huggingface.co/sentence-transformers/all-MiniLM-L6-v2
No embedding_function provided, using default embedding function: DefaultEmbeddingFunction https://huggingface.co/sentence-transformers/all-MiniLM-L6-v2
No embedding_function provided, using default embedding function: DefaultEmbeddingFunction https://huggingface.co/sentence-transformers/all-MiniLM-L6-v2
No embedding_function provided, using default embedding function: DefaultEmbeddingFunction https://huggingface.co/sentence-transformers/all-MiniLM-L6-v2
No embedding_function provided, using default embedding function: DefaultEmbeddingFunction https://huggingface.co/sentence-transformers/all-MiniLM-L6-v2
Number of requested results 5 is greater than number of elements in index 2, updating n_results = 2
No embedding_function provided, using default embedding function: DefaultEmbeddingFunction https://huggingface.co/sentence-transformers/all-MiniLM-L6-v2
No embedding_function provided, using default embedding function: DefaultEmbeddingFunction https://huggingface.co/sentence-transformers/all-MiniLM-L6-v2
No embedding_function provided, using default embedding function: DefaultEmbeddingFunction https://huggingface.co/sentence-transformers/all-MiniLM-L6-v2
INFO:     Shutting down
INFO:     Waiting for application shutdown.
INFO:     Application shutdown complete.
INFO:     Finished server process [21135]
